✔ remote version cannot silently overwrite an unsaved design draft (2.5824ms)
✔ structured design payload preserves order and ids without leaking server metadata (2.0853ms)
✔ account reset discards development drafts and delegated context (0.5965ms)
✔ snapshot presentation escapes human text instead of rendering stored markup (2.0259ms)
✔ evaluation questions use server template and escape content (33.7524ms)
✔ submitted response controls are disabled and free text escapes markup (1.1066ms)
✔ payload preserves choices as strings and ratings as integers (2.7636ms)
✔ account reset removes private feedback drafts (1.2259ms)
✔ empty request hides effectiveness section and real outcome does not assert closure (0.991ms)
✔ low sample shows counts without a manufactured response percentage (1.0452ms)
✔ out of order evaluation filters cannot replace a newer list (1.1956ms)
✔ reduced motion enters immediately without overlay or delayed callback (3.6633ms)
✔ entry animation renders authenticated content immediately and always removes overlay (1.1681ms)
✔ failed login keeps inputs, blocks duplicate submissions and allows retry (2.4791ms)
✔ a late login response cannot authenticate after its form has been replaced (1.1483ms)
✔ record identifiers remain unchanged while interface text is translated (3.6536ms)
✔ long phrases are translated before their shorter fragments (1.3298ms)
✔ complete status tokens reach the localization layer (0.5737ms)
✔ raw content is escaped and excluded from interface translation (0.3699ms)
✔ translated option label does not change its implicit submitted value (0.2088ms)
✔ zero-length chart values do not create a misleading visible bar (0.2003ms)
✔ employee result shows explained fit percentages and summaries, never page excerpts or raw scores (23.1781ms)
✔ employee request uses the full form width and has no developer or guidance sidebar (0.3117ms)
✔ fit display clamps nonfinite or out-of-range values (0.2536ms)
✔ fit breakdown preserves decimal points and explains final rounding (0.4667ms)
✔ an unsupported request explicitly shows zero catalog fit without inventing a course (0.18ms)
✔ navigation separates authenticated employee and manager workspaces (0.0974ms)
✔ login uses username and password and never asks users to choose their own role (0.3582ms)
✔ changing status immediately applies the current filter and resets pagination (1.7932ms)
✔ out-of-order filter responses cannot replace the newest visible results (1.0176ms)
✔ account changes invalidate pending request results and erase private UI state (0.1018ms)
✔ unknown route has one inline target choice while a resolved route hides that choice (2.8556ms)
✔ canonical brand colors and locally served assets are configured (0.6248ms)
✔ quota response replaces the green badge and preserves an actionable error (6.4981ms)
✔ service error appears once and form-only errors remain visible without losing draft (1.0388ms)
✔ actual fetch failure shows an application-server error instead of green AI (0.9019ms)
✔ provider timeout remains distinct from a browser connection failure (0.8211ms)
✔ unreadable response is not falsely labelled a network failure (0.7411ms)
✔ a timed-out request does not become a generic server-down message (0.632ms)
✔ knowledge sources omit deleted filenames and show pagination for a large corpus (0.739ms)
✔ 40 percent catalog match becomes a new course need without a course recommendation (0.1565ms)
✔ partial matches explain enrichment while resolved requests show their current outcome (0.8694ms)
✔ human review accepts approval without a duplicate checkbox and keeps corrections separate from AI (1.9225ms)
✔ decision history compares original AI and human judgment without exposing audit excerpts (1.0584ms)
✔ human decision history separates operational assignment from the original AI department verdict (0.6822ms)
✔ learning report distinguishes an unmeasured agreement rate from zero and links source requests (0.9272ms)
✔ PDF extraction preserves typed request and never submits an analysis (0.9823ms)
✔ PDF append rejects combined overflow and requires an explicit append action (0.8818ms)
✔ a delayed PDF response is discarded after an account switch (1.1539ms)
✔ prior-case disagreements remain visible instead of presenting a false consensus (0.7161ms)
✔ returning from correction to approval submits the AI verdict without stale corrections or duplicate confirmation (1.8096ms)
✔ single unresolved target is sent as routing metadata without falsely modifying AI approval (0.8558ms)
✔ full course match bypasses target choice while a human-added gap needs a real target (0.7985ms)
✔ corrected category uses the server routing rule and clears a stale suggested department (0.8652ms)
✔ non-training and rejection keep their meaning and department feedback cannot advance an analyst workflow (1.5519ms)
✔ duplicate decision submissions are ignored and a conflict preserves the typed draft (0.8961ms)
✔ filters persist only status and sorting per authenticated account, never the request search (0.8527ms)
✔ activity history shows only recorded events, named actors and rejection reasons (1.1414ms)
✔ single valid target is selected automatically and submitted without a second confirmation (0.8047ms)
✔ case layout separates recorded history from current action and preserves status transitions (1.1604ms)
✔ missing identity and dates are honest, raw technical status does not leak into the UI (0.7694ms)
✔ full-course analysis brief uses actual next action and labels generic planning information optional (1.482ms)
✔ first review appears before optional AI detail, then a recorded review collapses behind the next action (1.4188ms)
✔ empty generated drafts never show update warnings while a changed note remains visible (0.6973ms)
✔ logout removes prior live-region feedback and cancels only the local document polling timer (0.7577ms)
✔ role report uses each units reviewed requests as denominator and keeps missing roles unmeasured (0.8489ms)
✔ scope signals distinguish confirmed training needs from unconfirmed and unavailable counts (1.0265ms)
✔ status actions are supplied by backend and missing policy fails closed (1.157ms)
✔ solution plan and assignment use real backend data and escape content (0.8322ms)
✔ analysis failure retains the last successful version and uses backend retry permission (0.9959ms)
✔ a fresh analysis version never inherits a historical human decision (0.6632ms)
✔ pending request shows no invented course analysis or progress success (0.6658ms)
✔ direct submission is available without assistant approval (2.2382ms)
✔ intake only calls preparation endpoint and never creates a request automatically (1.868ms)
✔ failed interview preserves answer, previous draft and direct option (1.0474ms)
✔ late response cannot replace another accounts draft (0.7611ms)
✔ in-flight intake does not replace a directly edited request (0.7339ms)
✔ conversation renders escaped user/model text and an editable approval flow (0.9061ms)
✔ duplicate clicks while intake is pending issue one model request (1.15ms)
✔ delegation headers apply only to the selected request workflow routes (2.8951ms)
✔ reset discards delegated context without editing request ownership (0.8663ms)
✔ late unread count response cannot enter another account (1.3791ms)
✔ older unread result cannot overwrite a newer count (2.0194ms)
✔ operations routes are explicit and do not hijack intake or normal workspaces (0.6977ms)
✔ a newer publication revision preserves unsaved catalog metadata and its original version (1.6444ms)
✔ catalog editor submits metadata only, never mutating reviewed outcomes or source ids (1.1742ms)
✔ account reset discards publication drafts and delegation (0.613ms)
✔ version comparison escapes user-authored added removed and changed content (1.8641ms)
✔ training capacity keeps unspecified capacity null and rejects invalid limits (2.2038ms)
✔ session edits cannot change the frozen content version (1.6224ms)
✔ training reset clears other account drafts results and delegation (0.9002ms)
✔ catalog plan action is backend-authorized (0.9844ms)
✔ request training trace escapes authored data and does not claim request resolution (1.2304ms)
✔ training timezone payload is explicit UTC (2.1307ms)
✔ out of order training queue results cannot replace the newest filter (1.0166ms)
ℹ tests 95
ℹ suites 0
ℹ pass 95
ℹ fail 0
ℹ cancelled 0
ℹ skipped 0
ℹ todo 0
ℹ duration_ms 235.9486
