✔ remote version cannot silently overwrite an unsaved design draft (2.1917ms)
✔ structured design payload preserves order and ids without leaking server metadata (2.09ms)
✔ account reset discards development drafts and delegated context (1.3128ms)
✔ snapshot presentation escapes human text instead of rendering stored markup (1.6757ms)
✔ evaluation questions use server template and escape content (31.5942ms)
✔ submitted response controls are disabled and free text escapes markup (1.4895ms)
✔ payload preserves choices as strings and ratings as integers (2.4894ms)
✔ account reset removes private feedback drafts (1.1406ms)
✔ empty request hides effectiveness section and real outcome does not assert closure (1.6544ms)
✔ low sample shows counts without a manufactured response percentage (1.2182ms)
✔ out of order evaluation filters cannot replace a newer list (1.5299ms)
✔ reduced motion enters immediately without overlay or delayed callback (2.6191ms)
✔ entry animation renders authenticated content immediately and always removes overlay (1.2168ms)
✔ failed login keeps inputs, blocks duplicate submissions and allows retry (3.2202ms)
✔ a late login response cannot authenticate after its form has been replaced (1.2457ms)
✔ record identifiers remain unchanged while interface text is translated (3.623ms)
✔ long phrases are translated before their shorter fragments (1.5033ms)
✔ complete status tokens reach the localization layer (0.6461ms)
✔ raw content is escaped and excluded from interface translation (0.3946ms)
✔ translated option label does not change its implicit submitted value (0.2364ms)
✔ zero-length chart values do not create a misleading visible bar (0.2331ms)
✔ employee result shows explained fit percentages and summaries, never page excerpts or raw scores (17.4856ms)
✔ employee request uses the full form width and has no developer or guidance sidebar (0.6076ms)
✔ fit display clamps nonfinite or out-of-range values (0.2785ms)
✔ fit breakdown preserves decimal points and explains final rounding (0.6359ms)
✔ an unsupported request explicitly shows zero catalog fit without inventing a course (0.2639ms)
✔ navigation separates authenticated employee and manager workspaces (0.1472ms)
✔ login uses username and password and never asks users to choose their own role (0.5814ms)
✔ changing status immediately applies the current filter and resets pagination (1.6296ms)
✔ out-of-order filter responses cannot replace the newest visible results (1.3357ms)
✔ account changes invalidate pending request results and erase private UI state (0.1539ms)
✔ unknown route has one inline target choice while a resolved route hides that choice (3.8321ms)
✔ canonical brand colors and locally served assets are configured (0.6503ms)
✔ quota response replaces the green badge and preserves an actionable error (6.4889ms)
✔ service error appears once and form-only errors remain visible without losing draft (0.6971ms)
✔ actual fetch failure shows an application-server error instead of green AI (0.8377ms)
✔ provider timeout remains distinct from a browser connection failure (0.8584ms)
✔ unreadable response is not falsely labelled a network failure (0.8077ms)
✔ a timed-out request does not become a generic server-down message (0.9939ms)
✔ knowledge sources omit deleted filenames and show pagination for a large corpus (0.7753ms)
✔ 40 percent catalog match becomes a new course need without a course recommendation (0.1549ms)
✔ partial matches explain enrichment while resolved requests show their current outcome (0.7666ms)
✔ human review accepts approval without a duplicate checkbox and keeps corrections separate from AI (1.3619ms)
✔ decision history compares original AI and human judgment without exposing audit excerpts (1.0411ms)
✔ human decision history separates operational assignment from the original AI department verdict (1.0351ms)
✔ learning report distinguishes an unmeasured agreement rate from zero and links source requests (1.6135ms)
✔ PDF extraction preserves typed request and never submits an analysis (1.4553ms)
✔ PDF append rejects combined overflow and requires an explicit append action (0.7893ms)
✔ a delayed PDF response is discarded after an account switch (0.8371ms)
✔ prior-case disagreements remain visible instead of presenting a false consensus (0.7186ms)
✔ returning from correction to approval submits the AI verdict without stale corrections or duplicate confirmation (1.8755ms)
✔ single unresolved target is sent as routing metadata without falsely modifying AI approval (0.9976ms)
✔ full course match bypasses target choice while a human-added gap needs a real target (0.9025ms)
✔ corrected category uses the server routing rule and clears a stale suggested department (0.8908ms)
✔ non-training and rejection keep their meaning and department feedback cannot advance an analyst workflow (1.4479ms)
✔ duplicate decision submissions are ignored and a conflict preserves the typed draft (0.9363ms)
✔ filters persist only status and sorting per authenticated account, never the request search (0.9358ms)
✔ activity history shows only recorded events, named actors and rejection reasons (1.5437ms)
✔ single valid target is selected automatically and submitted without a second confirmation (0.9153ms)
✔ case layout separates recorded history from current action and preserves status transitions (1.1533ms)
✔ missing identity and dates are honest, raw technical status does not leak into the UI (0.7411ms)
✔ full-course analysis brief uses actual next action and labels generic planning information optional (0.7842ms)
✔ first review appears before optional AI detail, then a recorded review collapses behind the next action (1.5873ms)
✔ empty generated drafts never show update warnings while a changed note remains visible (0.7455ms)
✔ logout removes prior live-region feedback and cancels only the local document polling timer (0.7773ms)
✔ role report uses each units reviewed requests as denominator and keeps missing roles unmeasured (0.8672ms)
✔ scope signals distinguish confirmed training needs from unconfirmed and unavailable counts (0.6566ms)
✔ status actions are supplied by backend and missing policy fails closed (0.5902ms)
✔ solution plan and assignment use real backend data and escape content (0.6267ms)
✔ analysis failure retains the last successful version and uses backend retry permission (0.9573ms)
✔ a fresh analysis version never inherits a historical human decision (0.7061ms)
✔ pending request shows no invented course analysis or progress success (0.7359ms)
✔ direct submission is available without assistant approval (2.3871ms)
✔ intake only calls preparation endpoint and never creates a request automatically (1.8072ms)
✔ failed interview preserves answer, previous draft and direct option (1.5786ms)
✔ late response cannot replace another accounts draft (0.7543ms)
✔ in-flight intake does not replace a directly edited request (1.0326ms)
✔ conversation renders escaped user/model text and an editable approval flow (1.1036ms)
✔ duplicate clicks while intake is pending issue one model request (1.3379ms)
✔ delegation headers apply only to the selected request workflow routes (2.2634ms)
✔ reset discards delegated context without editing request ownership (0.6241ms)
✔ late unread count response cannot enter another account (0.6807ms)
✔ older unread result cannot overwrite a newer count (1.5068ms)
✔ operations routes are explicit and do not hijack intake or normal workspaces (1.0207ms)
✔ a newer publication revision preserves unsaved catalog metadata and its original version (1.655ms)
✔ catalog editor submits metadata only, never mutating reviewed outcomes or source ids (1.5758ms)
✔ account reset discards publication drafts and delegation (0.8486ms)
✔ version comparison escapes user-authored added removed and changed content (1.8577ms)
✔ training capacity keeps unspecified capacity null and rejects invalid limits (2.5744ms)
✔ session edits cannot change the frozen content version (1.6417ms)
✔ training reset clears other account drafts results and delegation (0.9456ms)
✔ catalog plan action is backend-authorized (1.152ms)
✔ request training trace escapes authored data and does not claim request resolution (1.4275ms)
✔ training timezone payload is explicit UTC (2.7987ms)
✔ out of order training queue results cannot replace the newest filter (1.1285ms)
ℹ tests 95
ℹ suites 0
ℹ pass 95
ℹ fail 0
ℹ cancelled 0
ℹ skipped 0
ℹ todo 0
ℹ duration_ms 230.6281
