✔ remote version cannot silently overwrite an unsaved design draft (4.2527ms)
✔ structured design payload preserves order and ids without leaking server metadata (2.4912ms)
✔ account reset discards development drafts and delegated context (1.0388ms)
✔ snapshot presentation escapes human text instead of rendering stored markup (2.3666ms)
✔ evaluation questions use server template and escape content (2.9611ms)
✔ submitted response controls are disabled and free text escapes markup (1.8608ms)
✔ payload preserves choices as strings and ratings as integers (2.7969ms)
✔ account reset removes private feedback drafts (1.2892ms)
✔ empty request hides effectiveness section and real outcome does not assert closure (1.2752ms)
✔ low sample shows counts without a manufactured response percentage (1.231ms)
✔ out of order evaluation filters cannot replace a newer list (1.3867ms)
✔ reduced motion enters immediately without overlay or delayed callback (3.372ms)
✔ entry animation renders authenticated content immediately and always removes overlay (1.5164ms)
✔ failed login keeps inputs, blocks duplicate submissions and allows retry (4.8674ms)
✔ a late login response cannot authenticate after its form has been replaced (1.2381ms)
✔ record identifiers remain unchanged while interface text is translated (5.0332ms)
✔ long phrases are translated before their shorter fragments (1.8667ms)
✔ complete status tokens reach the localization layer (0.956ms)
✔ raw content is escaped and excluded from interface translation (0.396ms)
✔ translated option label does not change its implicit submitted value (0.2572ms)
✔ zero-length chart values do not create a misleading visible bar (0.2701ms)
✔ employee result shows explained fit percentages and summaries, never page excerpts or raw scores (23.1722ms)
✔ employee request uses the full form width and has no developer or guidance sidebar (0.5809ms)
✔ fit display clamps nonfinite or out-of-range values (0.3987ms)
✔ fit breakdown preserves decimal points and explains final rounding (0.7269ms)
✔ an unsupported request explicitly shows zero catalog fit without inventing a course (0.2687ms)
✔ navigation separates authenticated employee and manager workspaces (0.1789ms)
✔ login uses username and password and never asks users to choose their own role (0.9019ms)
✔ changing status immediately applies the current filter and resets pagination (2.3106ms)
✔ out-of-order filter responses cannot replace the newest visible results (1.7306ms)
✔ account changes invalidate pending request results and erase private UI state (0.162ms)
✔ unknown route has one inline target choice while a resolved route hides that choice (3.8093ms)
✔ canonical brand colors and locally served assets are configured (0.8211ms)
✔ quota response replaces the green badge and preserves an actionable error (8.4588ms)
✔ service error appears once and form-only errors remain visible without losing draft (0.9286ms)
✔ actual fetch failure shows an application-server error instead of green AI (1.0522ms)
✔ provider timeout remains distinct from a browser connection failure (0.8871ms)
✔ unreadable response is not falsely labelled a network failure (0.8776ms)
✔ a timed-out request does not become a generic server-down message (0.9228ms)
✔ knowledge sources omit deleted filenames and show pagination for a large corpus (0.9628ms)
✔ 40 percent catalog match becomes a new course need without a course recommendation (0.2428ms)
✔ partial matches explain enrichment while resolved requests show their current outcome (1.2282ms)
✔ human review accepts approval without a duplicate checkbox and keeps corrections separate from AI (2.5299ms)
✔ decision history compares original AI and human judgment without exposing audit excerpts (1.5152ms)
✔ human decision history separates operational assignment from the original AI department verdict (1.0963ms)
✔ learning report distinguishes an unmeasured agreement rate from zero and links source requests (1.6368ms)
✔ PDF extraction preserves typed request and never submits an analysis (1.5333ms)
✔ PDF append rejects combined overflow and requires an explicit append action (1.0821ms)
✔ a delayed PDF response is discarded after an account switch (1.5581ms)
✔ prior-case disagreements remain visible instead of presenting a false consensus (0.8958ms)
✔ returning from correction to approval submits the AI verdict without stale corrections or duplicate confirmation (2.0992ms)
✔ single unresolved target is sent as routing metadata without falsely modifying AI approval (1.6259ms)
✔ full course match bypasses target choice while a human-added gap needs a real target (0.8736ms)
✔ corrected category uses the server routing rule and clears a stale suggested department (0.886ms)
✔ non-training and rejection keep their meaning and department feedback cannot advance an analyst workflow (1.5948ms)
✔ duplicate decision submissions are ignored and a conflict preserves the typed draft (1.0604ms)
✔ filters persist only status and sorting per authenticated account, never the request search (1.109ms)
✔ activity history shows only recorded events, named actors and rejection reasons (1.9795ms)
✔ single valid target is selected automatically and submitted without a second confirmation (1.4957ms)
✔ case layout separates recorded history from current action and preserves status transitions (1.5608ms)
✔ missing identity and dates are honest, raw technical status does not leak into the UI (1.0626ms)
✔ full-course analysis brief uses actual next action and labels generic planning information optional (1.0899ms)
✔ first review appears before optional AI detail, then a recorded review collapses behind the next action (3.0524ms)
✔ empty generated drafts never show update warnings while a changed note remains visible (0.7783ms)
✔ logout removes prior live-region feedback and cancels only the local document polling timer (0.8766ms)
✔ role report uses each units reviewed requests as denominator and keeps missing roles unmeasured (1.0127ms)
✔ scope signals distinguish confirmed training needs from unconfirmed and unavailable counts (0.9351ms)
✔ status actions are supplied by backend and missing policy fails closed (0.8595ms)
✔ solution plan and assignment use real backend data and escape content (0.918ms)
✔ analysis failure retains the last successful version and uses backend retry permission (1.1408ms)
✔ a fresh analysis version never inherits a historical human decision (0.6958ms)
✔ pending request shows no invented course analysis or progress success (0.6972ms)
✔ direct submission is available without assistant approval (2.3279ms)
✔ intake only calls preparation endpoint and never creates a request automatically (2.2051ms)
✔ failed interview preserves answer, previous draft and direct option (2.2534ms)
✔ late response cannot replace another accounts draft (1.762ms)
✔ in-flight intake does not replace a directly edited request (1.2884ms)
✔ conversation renders escaped user/model text and an editable approval flow (1.4782ms)
✔ duplicate clicks while intake is pending issue one model request (1.1005ms)
✔ delegation headers apply only to the selected request workflow routes (2.7835ms)
✔ reset discards delegated context without editing request ownership (1.3072ms)
✔ late unread count response cannot enter another account (1.674ms)
✔ older unread result cannot overwrite a newer count (2.9777ms)
✔ operations routes are explicit and do not hijack intake or normal workspaces (1.6155ms)
✔ no evidence has neutral language and no artificial level or score (2.8956ms)
✔ course suggestions and evidence links use only the supplied source identifiers (3.1085ms)
✔ role shortcut preserves unsent text and makes no network request (1.8109ms)
✔ a full existing draft is not truncated by the shortcut (1.7606ms)
✔ account change discards role drafts and request source (1.1741ms)
✔ out of order position search cannot overwrite current results (2.3933ms)
✔ historical request source renders its captured version and escapes authored text (1.5906ms)
✔ successful request retry retains the requirement source of its submission key (2.5987ms)
✔ a newer publication revision preserves unsaved catalog metadata and its original version (1.8091ms)
✔ catalog editor submits metadata only, never mutating reviewed outcomes or source ids (1.3949ms)
✔ account reset discards publication drafts and delegation (1.0986ms)
✔ version comparison escapes user-authored added removed and changed content (2.2532ms)
✔ published mapping remains read-only and completion carries no proficiency claim (3.81ms)
✔ authorized draft exposes mapping editor using version identifier (2.2787ms)
✔ analyst sees one confirmation for each unsaved candidate (1.2444ms)
✔ employee cannot get analyst controls and duplicate candidate is suppressed (1.2972ms)
✔ historical evidence is labeled and unauthorized evaluation detail has no link (1.3788ms)
✔ account reset clears skill forms and draft mappings (1.5885ms)
✔ out of order catalog search cannot overwrite the latest response (1.2108ms)
✔ request verification updates only skill section and preserves decision draft (1.0751ms)
✔ training capacity keeps unspecified capacity null and rejects invalid limits (2.244ms)
✔ session edits cannot change the frozen content version (3.1368ms)
✔ training reset clears other account drafts results and delegation (1.4999ms)
✔ catalog plan action is backend-authorized (1.0627ms)
✔ request training trace escapes authored data and does not claim request resolution (1.1094ms)
✔ training timezone payload is explicit UTC (2.8984ms)
✔ out of order training queue results cannot replace the newest filter (1.5196ms)
ℹ tests 111
ℹ suites 0
ℹ pass 111
ℹ fail 0
ℹ cancelled 0
ℹ skipped 0
ℹ todo 0
ℹ duration_ms 270.9611
