✔ remote version cannot silently overwrite an unsaved design draft (2.1781ms)
✔ structured design payload preserves order and ids without leaking server metadata (1.4212ms)
✔ account reset discards development drafts and delegated context (0.6038ms)
✔ snapshot presentation escapes human text instead of rendering stored markup (1.9651ms)
✔ evaluation questions use server template and escape content (2.8408ms)
✔ submitted response controls are disabled and free text escapes markup (1.9209ms)
✔ payload preserves choices as strings and ratings as integers (2.5832ms)
✔ account reset removes private feedback drafts (1.1478ms)
✔ empty request hides effectiveness section and real outcome does not assert closure (1.0059ms)
✔ low sample shows counts without a manufactured response percentage (1.3969ms)
✔ out of order evaluation filters cannot replace a newer list (1.2191ms)
✔ reduced motion enters immediately without overlay or delayed callback (2.2073ms)
✔ entry animation renders authenticated content immediately and always removes overlay (1.0986ms)
✔ failed login keeps inputs, blocks duplicate submissions and allows retry (3.9275ms)
✔ a late login response cannot authenticate after its form has been replaced (1.261ms)
✔ record identifiers remain unchanged while interface text is translated (5.8313ms)
✔ long phrases are translated before their shorter fragments (1.2458ms)
✔ complete status tokens reach the localization layer (0.6861ms)
✔ raw content is escaped and excluded from interface translation (0.2981ms)
✔ translated option label does not change its implicit submitted value (0.2106ms)
✔ zero-length chart values do not create a misleading visible bar (0.2177ms)
✔ employee result shows explained fit percentages and summaries, never page excerpts or raw scores (15.7897ms)
✔ employee request uses the full form width and has no developer or guidance sidebar (0.5384ms)
✔ fit display clamps nonfinite or out-of-range values (0.3578ms)
✔ fit breakdown preserves decimal points and explains final rounding (0.5126ms)
✔ an unsupported request explicitly shows zero catalog fit without inventing a course (0.3083ms)
✔ navigation separates authenticated employee and manager workspaces (0.1028ms)
✔ login uses username and password and never asks users to choose their own role (0.3087ms)
✔ changing status immediately applies the current filter and resets pagination (1.9057ms)
✔ out-of-order filter responses cannot replace the newest visible results (1.9022ms)
✔ account changes invalidate pending request results and erase private UI state (0.2065ms)
✔ unknown route has one inline target choice while a resolved route hides that choice (2.9585ms)
✔ canonical brand colors and locally served assets are configured (0.8309ms)
✔ quota response replaces the green badge and preserves an actionable error (8.3768ms)
✔ service error appears once and form-only errors remain visible without losing draft (1.2976ms)
✔ actual fetch failure shows an application-server error instead of green AI (1.7116ms)
✔ provider timeout remains distinct from a browser connection failure (1.2047ms)
✔ unreadable response is not falsely labelled a network failure (1.3433ms)
✔ a timed-out request does not become a generic server-down message (1.2102ms)
✔ knowledge sources omit deleted filenames and show pagination for a large corpus (1.6375ms)
✔ 40 percent catalog match becomes a new course need without a course recommendation (0.2385ms)
✔ partial matches explain enrichment while resolved requests show their current outcome (1.313ms)
✔ human review accepts approval without a duplicate checkbox and keeps corrections separate from AI (2.2356ms)
✔ decision history compares original AI and human judgment without exposing audit excerpts (1.4823ms)
✔ human decision history separates operational assignment from the original AI department verdict (0.9639ms)
✔ learning report distinguishes an unmeasured agreement rate from zero and links source requests (1.4168ms)
✔ PDF extraction preserves typed request and never submits an analysis (1.3912ms)
✔ PDF append rejects combined overflow and requires an explicit append action (1.2242ms)
✔ a delayed PDF response is discarded after an account switch (1.5443ms)
✔ prior-case disagreements remain visible instead of presenting a false consensus (1.661ms)
✔ returning from correction to approval submits the AI verdict without stale corrections or duplicate confirmation (2.6586ms)
✔ single unresolved target is sent as routing metadata without falsely modifying AI approval (1.4279ms)
✔ full course match bypasses target choice while a human-added gap needs a real target (1.5257ms)
✔ corrected category uses the server routing rule and clears a stale suggested department (1.3956ms)
✔ non-training and rejection keep their meaning and department feedback cannot advance an analyst workflow (1.5191ms)
✔ duplicate decision submissions are ignored and a conflict preserves the typed draft (0.8873ms)
✔ filters persist only status and sorting per authenticated account, never the request search (0.9613ms)
✔ activity history shows only recorded events, named actors and rejection reasons (1.4186ms)
✔ single valid target is selected automatically and submitted without a second confirmation (1.2808ms)
✔ case layout separates recorded history from current action and preserves status transitions (1.1601ms)
✔ missing identity and dates are honest, raw technical status does not leak into the UI (0.7677ms)
✔ full-course analysis brief uses actual next action and labels generic planning information optional (0.8309ms)
✔ first review appears before optional AI detail, then a recorded review collapses behind the next action (2.6633ms)
✔ empty generated drafts never show update warnings while a changed note remains visible (1.1187ms)
✔ logout removes prior live-region feedback and cancels only the local document polling timer (0.9494ms)
✔ role report uses each units reviewed requests as denominator and keeps missing roles unmeasured (1.0415ms)
✔ scope signals distinguish confirmed training needs from unconfirmed and unavailable counts (0.7202ms)
✔ status actions are supplied by backend and missing policy fails closed (0.6368ms)
✔ solution plan and assignment use real backend data and escape content (0.6537ms)
✔ analysis failure retains the last successful version and uses backend retry permission (1.07ms)
✔ a fresh analysis version never inherits a historical human decision (0.7059ms)
✔ pending request shows no invented course analysis or progress success (0.7073ms)
✔ direct submission is available without assistant approval (2.6988ms)
✔ intake only calls preparation endpoint and never creates a request automatically (2.3916ms)
✔ failed interview preserves answer, previous draft and direct option (1.614ms)
✔ late response cannot replace another accounts draft (0.9014ms)
✔ in-flight intake does not replace a directly edited request (1.2608ms)
✔ conversation renders escaped user/model text and an editable approval flow (0.9234ms)
✔ duplicate clicks while intake is pending issue one model request (0.7455ms)
✔ delegation headers apply only to the selected request workflow routes (2.7129ms)
✔ reset discards delegated context without editing request ownership (1.4957ms)
✔ late unread count response cannot enter another account (1.046ms)
✔ older unread result cannot overwrite a newer count (1.9423ms)
✔ operations routes are explicit and do not hijack intake or normal workspaces (1.2857ms)
✔ a newer publication revision preserves unsaved catalog metadata and its original version (1.6138ms)
✔ catalog editor submits metadata only, never mutating reviewed outcomes or source ids (1.6602ms)
✔ account reset discards publication drafts and delegation (1.0661ms)
✔ version comparison escapes user-authored added removed and changed content (2.5265ms)
✔ published mapping remains read-only and completion carries no proficiency claim (2.2985ms)
✔ authorized draft exposes mapping editor using version identifier (1.9326ms)
✔ analyst sees one confirmation for each unsaved candidate (1.5431ms)
✔ employee cannot get analyst controls and duplicate candidate is suppressed (0.9852ms)
✔ historical evidence is labeled and unauthorized evaluation detail has no link (0.9003ms)
✔ account reset clears skill forms and draft mappings (1.3751ms)
✔ out of order catalog search cannot overwrite the latest response (1.2872ms)
✔ request verification updates only skill section and preserves decision draft (1.0546ms)
✔ training capacity keeps unspecified capacity null and rejects invalid limits (3.2672ms)
✔ session edits cannot change the frozen content version (2.5083ms)
✔ training reset clears other account drafts results and delegation (1.2315ms)
✔ catalog plan action is backend-authorized (0.9737ms)
✔ request training trace escapes authored data and does not claim request resolution (0.8619ms)
✔ training timezone payload is explicit UTC (2.3706ms)
✔ out of order training queue results cannot replace the newest filter (1.9266ms)
ℹ tests 103
ℹ suites 0
ℹ pass 103
ℹ fail 0
ℹ cancelled 0
ℹ skipped 0
ℹ todo 0
ℹ duration_ms 244.7951
