✔ remote version cannot silently overwrite an unsaved design draft (1.6978ms)
✔ structured design payload preserves order and ids without leaking server metadata (1.9572ms)
✔ account reset discards development drafts and delegated context (0.8529ms)
✔ snapshot presentation escapes human text instead of rendering stored markup (1.9613ms)
✔ evaluation questions use server template and escape content (3.6087ms)
✔ submitted response controls are disabled and free text escapes markup (1.7951ms)
✔ payload preserves choices as strings and ratings as integers (2.6685ms)
✔ account reset removes private feedback drafts (1.2846ms)
✔ empty request hides effectiveness section and real outcome does not assert closure (1.3185ms)
✔ low sample shows counts without a manufactured response percentage (1.5979ms)
✔ out of order evaluation filters cannot replace a newer list (1.5481ms)
✔ reduced motion enters immediately without overlay or delayed callback (3.0108ms)
✔ entry animation renders authenticated content immediately and always removes overlay (1.8517ms)
✔ failed login keeps inputs, blocks duplicate submissions and allows retry (3.5561ms)
✔ a late login response cannot authenticate after its form has been replaced (1.0176ms)
✔ record identifiers remain unchanged while interface text is translated (2.3291ms)
✔ long phrases are translated before their shorter fragments (1.0394ms)
✔ complete status tokens reach the localization layer (0.454ms)
✔ raw content is escaped and excluded from interface translation (0.2753ms)
✔ translated option label does not change its implicit submitted value (0.2ms)
✔ zero-length chart values do not create a misleading visible bar (0.2026ms)
✔ employee result shows explained fit percentages and summaries, never page excerpts or raw scores (15.4037ms)
✔ employee request uses the full form width and has no developer or guidance sidebar (0.1829ms)
✔ fit display clamps nonfinite or out-of-range values (0.1504ms)
✔ fit breakdown preserves decimal points and explains final rounding (0.3373ms)
✔ an unsupported request explicitly shows zero catalog fit without inventing a course (0.129ms)
✔ navigation separates authenticated employee and manager workspaces (0.0817ms)
✔ login uses username and password and never asks users to choose their own role (0.3061ms)
✔ changing status immediately applies the current filter and resets pagination (1.3738ms)
✔ out-of-order filter responses cannot replace the newest visible results (0.9897ms)
✔ account changes invalidate pending request results and erase private UI state (0.0951ms)
✔ unknown route has one inline target choice while a resolved route hides that choice (2.6097ms)
✔ canonical brand colors and locally served assets are configured (1.0319ms)
✔ quota response replaces the green badge and preserves an actionable error (6.0123ms)
✔ service error appears once and form-only errors remain visible without losing draft (0.7491ms)
✔ actual fetch failure shows an application-server error instead of green AI (0.7399ms)
✔ provider timeout remains distinct from a browser connection failure (0.6788ms)
✔ unreadable response is not falsely labelled a network failure (0.6998ms)
✔ a timed-out request does not become a generic server-down message (0.6201ms)
✔ knowledge sources omit deleted filenames and show pagination for a large corpus (0.7179ms)
✔ 40 percent catalog match becomes a new course need without a course recommendation (0.1513ms)
✔ partial matches explain enrichment while resolved requests show their current outcome (0.7816ms)
✔ human review accepts approval without a duplicate checkbox and keeps corrections separate from AI (1.6475ms)
✔ decision history compares original AI and human judgment without exposing audit excerpts (0.8361ms)
✔ human decision history separates operational assignment from the original AI department verdict (0.6123ms)
✔ learning report distinguishes an unmeasured agreement rate from zero and links source requests (0.8542ms)
✔ PDF extraction preserves typed request and never submits an analysis (0.8406ms)
✔ PDF append rejects combined overflow and requires an explicit append action (0.7253ms)
✔ a delayed PDF response is discarded after an account switch (0.8642ms)
✔ prior-case disagreements remain visible instead of presenting a false consensus (0.7883ms)
✔ returning from correction to approval submits the AI verdict without stale corrections or duplicate confirmation (1.8724ms)
✔ single unresolved target is sent as routing metadata without falsely modifying AI approval (0.8003ms)
✔ full course match bypasses target choice while a human-added gap needs a real target (0.7424ms)
✔ corrected category uses the server routing rule and clears a stale suggested department (0.7675ms)
✔ non-training and rejection keep their meaning and department feedback cannot advance an analyst workflow (1.4985ms)
✔ duplicate decision submissions are ignored and a conflict preserves the typed draft (1.0835ms)
✔ filters persist only status and sorting per authenticated account, never the request search (1.0117ms)
✔ activity history shows only recorded events, named actors and rejection reasons (1.0281ms)
✔ single valid target is selected automatically and submitted without a second confirmation (0.7715ms)
✔ case layout separates recorded history from current action and preserves status transitions (1.0424ms)
✔ missing identity and dates are honest, raw technical status does not leak into the UI (0.6965ms)
✔ full-course analysis brief uses actual next action and labels generic planning information optional (1.4656ms)
✔ first review appears before optional AI detail, then a recorded review collapses behind the next action (2.0311ms)
✔ empty generated drafts never show update warnings while a changed note remains visible (0.7589ms)
✔ logout removes prior live-region feedback and cancels only the local document polling timer (0.8121ms)
✔ role report uses each units reviewed requests as denominator and keeps missing roles unmeasured (0.7888ms)
✔ scope signals distinguish confirmed training needs from unconfirmed and unavailable counts (0.6362ms)
✔ status actions are supplied by backend and missing policy fails closed (0.5708ms)
✔ solution plan and assignment use real backend data and escape content (0.5919ms)
✔ analysis failure retains the last successful version and uses backend retry permission (1.0778ms)
✔ a fresh analysis version never inherits a historical human decision (0.6606ms)
✔ pending request shows no invented course analysis or progress success (0.6355ms)
✔ direct submission is available without assistant approval (2.615ms)
✔ intake only calls preparation endpoint and never creates a request automatically (2.2281ms)
✔ failed interview preserves answer, previous draft and direct option (0.8098ms)
✔ late response cannot replace another accounts draft (1.0083ms)
✔ in-flight intake does not replace a directly edited request (0.9627ms)
✔ conversation renders escaped user/model text and an editable approval flow (0.8652ms)
✔ duplicate clicks while intake is pending issue one model request (0.9531ms)
✔ delegation headers apply only to the selected request workflow routes (1.92ms)
✔ reset discards delegated context without editing request ownership (0.6397ms)
✔ late unread count response cannot enter another account (0.9574ms)
✔ older unread result cannot overwrite a newer count (1.5952ms)
✔ operations routes are explicit and do not hijack intake or normal workspaces (0.7787ms)
✔ a newer publication revision preserves unsaved catalog metadata and its original version (2.724ms)
✔ catalog editor submits metadata only, never mutating reviewed outcomes or source ids (2.3324ms)
✔ account reset discards publication drafts and delegation (0.9453ms)
✔ version comparison escapes user-authored added removed and changed content (2.3096ms)
✔ training capacity keeps unspecified capacity null and rejects invalid limits (2.4768ms)
✔ session edits cannot change the frozen content version (2.25ms)
✔ training reset clears other account drafts results and delegation (1.4348ms)
✔ catalog plan action is backend-authorized (1.0005ms)
✔ request training trace escapes authored data and does not claim request resolution (0.8946ms)
✔ training timezone payload is explicit UTC (2.8385ms)
✔ out of order training queue results cannot replace the newest filter (1.1367ms)
ℹ tests 95
ℹ suites 0
ℹ pass 95
ℹ fail 0
ℹ cancelled 0
ℹ skipped 0
ℹ todo 0
ℹ duration_ms 283.9103
