✔ remote version cannot silently overwrite an unsaved design draft (1.9961ms)
✔ structured design payload preserves order and ids without leaking server metadata (1.3461ms)
✔ account reset discards development drafts and delegated context (0.8176ms)
✔ snapshot presentation escapes human text instead of rendering stored markup (2.1542ms)
✔ evaluation questions use server template and escape content (2.7874ms)
✔ submitted response controls are disabled and free text escapes markup (1.5735ms)
✔ payload preserves choices as strings and ratings as integers (2.0881ms)
✔ account reset removes private feedback drafts (1.0553ms)
✔ empty request hides effectiveness section and real outcome does not assert closure (1.2366ms)
✔ low sample shows counts without a manufactured response percentage (1.2145ms)
✔ out of order evaluation filters cannot replace a newer list (1.722ms)
✔ reduced motion enters immediately without overlay or delayed callback (2.8922ms)
✔ entry animation renders authenticated content immediately and always removes overlay (1.0251ms)
✔ failed login keeps inputs, blocks duplicate submissions and allows retry (3.4659ms)
✔ a late login response cannot authenticate after its form has been replaced (1.3754ms)
✔ record identifiers remain unchanged while interface text is translated (2.314ms)
✔ long phrases are translated before their shorter fragments (1.1528ms)
✔ complete status tokens reach the localization layer (0.4571ms)
✔ raw content is escaped and excluded from interface translation (0.2345ms)
✔ translated option label does not change its implicit submitted value (0.1817ms)
✔ zero-length chart values do not create a misleading visible bar (0.1904ms)
✔ employee result shows explained fit percentages and summaries, never page excerpts or raw scores (13.6264ms)
✔ employee request uses the full form width and has no developer or guidance sidebar (0.1886ms)
✔ fit display clamps nonfinite or out-of-range values (0.14ms)
✔ fit breakdown preserves decimal points and explains final rounding (0.3455ms)
✔ an unsupported request explicitly shows zero catalog fit without inventing a course (0.1245ms)
✔ navigation separates authenticated employee and manager workspaces (0.0823ms)
✔ login uses username and password and never asks users to choose their own role (0.3355ms)
✔ changing status immediately applies the current filter and resets pagination (1.2861ms)
✔ out-of-order filter responses cannot replace the newest visible results (0.9262ms)
✔ account changes invalidate pending request results and erase private UI state (0.0954ms)
✔ unknown route has one inline target choice while a resolved route hides that choice (2.4814ms)
✔ canonical brand colors and locally served assets are configured (1.0722ms)
✔ quota response replaces the green badge and preserves an actionable error (5.2823ms)
✔ service error appears once and form-only errors remain visible without losing draft (0.8244ms)
✔ actual fetch failure shows an application-server error instead of green AI (0.7087ms)
✔ provider timeout remains distinct from a browser connection failure (0.6728ms)
✔ unreadable response is not falsely labelled a network failure (0.7029ms)
✔ a timed-out request does not become a generic server-down message (0.5943ms)
✔ knowledge sources omit deleted filenames and show pagination for a large corpus (0.6686ms)
✔ 40 percent catalog match becomes a new course need without a course recommendation (0.1391ms)
✔ partial matches explain enrichment while resolved requests show their current outcome (0.6946ms)
✔ human review accepts approval without a duplicate checkbox and keeps corrections separate from AI (1.3263ms)
✔ decision history compares original AI and human judgment without exposing audit excerpts (1.2343ms)
✔ human decision history separates operational assignment from the original AI department verdict (0.58ms)
✔ learning report distinguishes an unmeasured agreement rate from zero and links source requests (0.7984ms)
✔ PDF extraction preserves typed request and never submits an analysis (0.9747ms)
✔ PDF append rejects combined overflow and requires an explicit append action (0.6998ms)
✔ a delayed PDF response is discarded after an account switch (0.8835ms)
✔ prior-case disagreements remain visible instead of presenting a false consensus (0.6572ms)
✔ returning from correction to approval submits the AI verdict without stale corrections or duplicate confirmation (1.8378ms)
✔ single unresolved target is sent as routing metadata without falsely modifying AI approval (0.8319ms)
✔ full course match bypasses target choice while a human-added gap needs a real target (0.7002ms)
✔ corrected category uses the server routing rule and clears a stale suggested department (0.7643ms)
✔ non-training and rejection keep their meaning and department feedback cannot advance an analyst workflow (1.3186ms)
✔ duplicate decision submissions are ignored and a conflict preserves the typed draft (0.7735ms)
✔ filters persist only status and sorting per authenticated account, never the request search (0.7744ms)
✔ activity history shows only recorded events, named actors and rejection reasons (1.3587ms)
✔ single valid target is selected automatically and submitted without a second confirmation (0.8343ms)
✔ case layout separates recorded history from current action and preserves status transitions (1.0789ms)
✔ missing identity and dates are honest, raw technical status does not leak into the UI (0.6969ms)
✔ full-course analysis brief uses actual next action and labels generic planning information optional (0.7393ms)
✔ first review appears before optional AI detail, then a recorded review collapses behind the next action (1.3009ms)
✔ empty generated drafts never show update warnings while a changed note remains visible (0.7583ms)
✔ logout removes prior live-region feedback and cancels only the local document polling timer (0.7757ms)
✔ role report uses each units reviewed requests as denominator and keeps missing roles unmeasured (1.3215ms)
✔ scope signals distinguish confirmed training needs from unconfirmed and unavailable counts (0.7174ms)
✔ status actions are supplied by backend and missing policy fails closed (0.6043ms)
✔ solution plan and assignment use real backend data and escape content (0.59ms)
✔ analysis failure retains the last successful version and uses backend retry permission (0.8656ms)
✔ a fresh analysis version never inherits a historical human decision (0.6193ms)
✔ pending request shows no invented course analysis or progress success (0.6263ms)
✔ direct submission is available without assistant approval (1.824ms)
✔ intake only calls preparation endpoint and never creates a request automatically (1.418ms)
✔ failed interview preserves answer, previous draft and direct option (1.3269ms)
✔ late response cannot replace another accounts draft (0.7774ms)
✔ in-flight intake does not replace a directly edited request (0.7417ms)
✔ conversation renders escaped user/model text and an editable approval flow (0.8296ms)
✔ duplicate clicks while intake is pending issue one model request (0.7425ms)
✔ delegation headers apply only to the selected request workflow routes (1.7354ms)
✔ reset discards delegated context without editing request ownership (0.7125ms)
✔ late unread count response cannot enter another account (0.8171ms)
✔ older unread result cannot overwrite a newer count (2.0575ms)
✔ operations routes are explicit and do not hijack intake or normal workspaces (0.8121ms)
✔ a newer publication revision preserves unsaved catalog metadata and its original version (2.7218ms)
✔ catalog editor submits metadata only, never mutating reviewed outcomes or source ids (2.2505ms)
✔ account reset discards publication drafts and delegation (0.6336ms)
✔ version comparison escapes user-authored added removed and changed content (2.1629ms)
✔ published mapping remains read-only and completion carries no proficiency claim (2.6812ms)
✔ authorized draft exposes mapping editor using version identifier (1.7209ms)
✔ analyst sees one confirmation for each unsaved candidate (1.6052ms)
✔ employee cannot get analyst controls and duplicate candidate is suppressed (1.4742ms)
✔ historical evidence is labeled and unauthorized evaluation detail has no link (1.2265ms)
✔ account reset clears skill forms and draft mappings (1.6624ms)
✔ out of order catalog search cannot overwrite the latest response (1.0525ms)
✔ request verification updates only skill section and preserves decision draft (1.0658ms)
✔ training capacity keeps unspecified capacity null and rejects invalid limits (1.9658ms)
✔ session edits cannot change the frozen content version (1.5029ms)
✔ training reset clears other account drafts results and delegation (0.9031ms)
✔ catalog plan action is backend-authorized (0.9267ms)
✔ request training trace escapes authored data and does not claim request resolution (1.0952ms)
✔ training timezone payload is explicit UTC (2.0571ms)
✔ out of order training queue results cannot replace the newest filter (1.0246ms)
ℹ tests 103
ℹ suites 0
ℹ pass 103
ℹ fail 0
ℹ cancelled 0
ℹ skipped 0
ℹ todo 0
ℹ duration_ms 284.5445
