✔ record identifiers remain unchanged while interface text is translated (2.221ms)
✔ long phrases are translated before their shorter fragments (0.9183ms)
✔ complete status tokens reach the localization layer (0.3955ms)
✔ raw content is escaped and excluded from interface translation (0.2317ms)
✔ translated option label does not change its implicit submitted value (0.1983ms)
✔ zero-length chart values do not create a misleading visible bar (0.1511ms)
✔ employee result shows explained fit percentages and summaries, never page excerpts or raw scores (13.6096ms)
✔ employee request uses the full form width and has no developer or guidance sidebar (0.1483ms)
✔ fit display clamps nonfinite or out-of-range values (0.2167ms)
✔ fit breakdown preserves decimal points and explains final rounding (0.3946ms)
✔ an unsupported request explicitly shows zero catalog fit without inventing a course (0.1269ms)
✔ navigation separates authenticated employee and manager workspaces (0.0872ms)
✔ login uses username and password and never asks users to choose their own role (0.3566ms)
✔ changing status immediately applies the current filter and resets pagination (1.378ms)
✔ out-of-order filter responses cannot replace the newest visible results (1.1672ms)
✔ account changes invalidate pending request results and erase private UI state (0.0917ms)
✔ unknown route has one inline target choice while a resolved route hides that choice (2.1521ms)
✔ canonical brand colors and locally served assets are configured (0.6708ms)
✔ quota response replaces the green badge and preserves an actionable error (5.1419ms)
✔ service error appears once and form-only errors remain visible without losing draft (0.6283ms)
✔ actual fetch failure shows an application-server error instead of green AI (0.7196ms)
✔ provider timeout remains distinct from a browser connection failure (0.65ms)
✔ unreadable response is not falsely labelled a network failure (0.6791ms)
✔ a timed-out request does not become a generic server-down message (0.6055ms)
✔ knowledge sources omit deleted filenames and show pagination for a large corpus (0.6896ms)
✔ 40 percent catalog match becomes a new course need without a course recommendation (0.1242ms)
✔ partial matches explain enrichment while resolved requests show their current outcome (0.7627ms)
✔ human review accepts approval without a duplicate checkbox and keeps corrections separate from AI (0.6848ms)
✔ decision history compares original AI and human judgment without exposing audit excerpts (1.7788ms)
✔ human decision history separates operational assignment from the original AI department verdict (0.6407ms)
✔ learning report distinguishes an unmeasured agreement rate from zero and links source requests (0.8444ms)
✔ PDF extraction preserves typed request and never submits an analysis (0.8599ms)
✔ PDF append rejects combined overflow and requires an explicit append action (0.8084ms)
✔ a delayed PDF response is discarded after an account switch (0.7454ms)
✔ prior-case disagreements remain visible instead of presenting a false consensus (0.6667ms)
✔ returning from correction to approval submits the AI verdict without stale corrections or duplicate confirmation (1.6654ms)
✔ single unresolved target is sent as routing metadata without falsely modifying AI approval (0.8491ms)
✔ full course match bypasses target choice while a human-added gap needs a real target (0.7876ms)
✔ corrected category uses the server routing rule and clears a stale suggested department (0.8386ms)
✔ non-training and rejection keep their meaning and department feedback cannot advance an analyst workflow (1.3715ms)
✔ duplicate decision submissions are ignored and a conflict preserves the typed draft (0.8629ms)
✔ filters persist only status and sorting per authenticated account, never the request search (0.855ms)
✔ activity history shows only recorded events, named actors and rejection reasons (1.1338ms)
✔ single valid target is selected automatically and submitted without a second confirmation (0.8297ms)
✔ case layout separates recorded history from current action and preserves status transitions (1.2438ms)
✔ missing identity and dates are honest, raw technical status does not leak into the UI (0.9169ms)
✔ full-course analysis brief uses actual next action and labels generic planning information optional (0.8672ms)
✔ first review appears before optional AI detail, then a recorded review collapses behind the next action (2.5309ms)
✔ empty generated drafts never show update warnings while a changed note remains visible (0.9426ms)
✔ logout removes prior live-region feedback and cancels only the local document polling timer (0.9596ms)
✔ role report uses each units reviewed requests as denominator and keeps missing roles unmeasured (0.9321ms)
✔ scope signals distinguish confirmed training needs from unconfirmed and unavailable counts (0.6897ms)
✔ status actions are supplied by backend and missing policy fails closed (0.6908ms)
✔ solution plan and assignment use real backend data and escape content (0.6682ms)
ℹ tests 54
ℹ suites 0
ℹ pass 54
ℹ fail 0
ℹ cancelled 0
ℹ skipped 0
ℹ todo 0
ℹ duration_ms 223.0363
