✔ reduced motion enters immediately without overlay or delayed callback (1.6507ms)
✔ entry animation renders authenticated content immediately and always removes overlay (0.6933ms)
✔ failed login keeps inputs, blocks duplicate submissions and allows retry (1.7535ms)
✔ a late login response cannot authenticate after its form has been replaced (0.6937ms)
✔ record identifiers remain unchanged while interface text is translated (2.4526ms)
✔ long phrases are translated before their shorter fragments (1.0811ms)
✔ complete status tokens reach the localization layer (0.3799ms)
✔ raw content is escaped and excluded from interface translation (0.255ms)
✔ translated option label does not change its implicit submitted value (0.189ms)
✔ zero-length chart values do not create a misleading visible bar (0.1408ms)
✔ employee result shows explained fit percentages and summaries, never page excerpts or raw scores (12.6783ms)
✔ employee request uses the full form width and has no developer or guidance sidebar (0.1274ms)
✔ fit display clamps nonfinite or out-of-range values (0.1572ms)
✔ fit breakdown preserves decimal points and explains final rounding (0.3274ms)
✔ an unsupported request explicitly shows zero catalog fit without inventing a course (0.1281ms)
✔ navigation separates authenticated employee and manager workspaces (0.075ms)
✔ login uses username and password and never asks users to choose their own role (0.3268ms)
✔ changing status immediately applies the current filter and resets pagination (1.2336ms)
✔ out-of-order filter responses cannot replace the newest visible results (0.8693ms)
✔ account changes invalidate pending request results and erase private UI state (0.0838ms)
✔ unknown route has one inline target choice while a resolved route hides that choice (2.0155ms)
✔ canonical brand colors and locally served assets are configured (0.5339ms)
✔ quota response replaces the green badge and preserves an actionable error (4.7741ms)
✔ service error appears once and form-only errors remain visible without losing draft (0.5779ms)
✔ actual fetch failure shows an application-server error instead of green AI (0.6711ms)
✔ provider timeout remains distinct from a browser connection failure (0.652ms)
✔ unreadable response is not falsely labelled a network failure (0.6311ms)
✔ a timed-out request does not become a generic server-down message (0.5606ms)
✔ knowledge sources omit deleted filenames and show pagination for a large corpus (0.6471ms)
✔ 40 percent catalog match becomes a new course need without a course recommendation (0.1149ms)
✔ partial matches explain enrichment while resolved requests show their current outcome (0.7052ms)
✔ human review accepts approval without a duplicate checkbox and keeps corrections separate from AI (0.6488ms)
✔ decision history compares original AI and human judgment without exposing audit excerpts (1.3592ms)
✔ human decision history separates operational assignment from the original AI department verdict (0.5846ms)
✔ learning report distinguishes an unmeasured agreement rate from zero and links source requests (0.8016ms)
✔ PDF extraction preserves typed request and never submits an analysis (0.7929ms)
✔ PDF append rejects combined overflow and requires an explicit append action (0.7473ms)
✔ a delayed PDF response is discarded after an account switch (0.7645ms)
✔ prior-case disagreements remain visible instead of presenting a false consensus (0.6407ms)
✔ returning from correction to approval submits the AI verdict without stale corrections or duplicate confirmation (1.4468ms)
✔ single unresolved target is sent as routing metadata without falsely modifying AI approval (0.7564ms)
✔ full course match bypasses target choice while a human-added gap needs a real target (0.7164ms)
✔ corrected category uses the server routing rule and clears a stale suggested department (0.8026ms)
✔ non-training and rejection keep their meaning and department feedback cannot advance an analyst workflow (1.3123ms)
✔ duplicate decision submissions are ignored and a conflict preserves the typed draft (0.7978ms)
✔ filters persist only status and sorting per authenticated account, never the request search (0.7672ms)
✔ activity history shows only recorded events, named actors and rejection reasons (1.0217ms)
✔ single valid target is selected automatically and submitted without a second confirmation (0.7594ms)
✔ case layout separates recorded history from current action and preserves status transitions (1.0506ms)
✔ missing identity and dates are honest, raw technical status does not leak into the UI (0.7508ms)
✔ full-course analysis brief uses actual next action and labels generic planning information optional (0.7038ms)
✔ first review appears before optional AI detail, then a recorded review collapses behind the next action (1.8856ms)
✔ empty generated drafts never show update warnings while a changed note remains visible (0.6187ms)
✔ logout removes prior live-region feedback and cancels only the local document polling timer (0.6907ms)
✔ role report uses each units reviewed requests as denominator and keeps missing roles unmeasured (0.9179ms)
✔ scope signals distinguish confirmed training needs from unconfirmed and unavailable counts (0.7231ms)
✔ status actions are supplied by backend and missing policy fails closed (0.6019ms)
✔ solution plan and assignment use real backend data and escape content (0.5666ms)
ℹ tests 58
ℹ suites 0
ℹ pass 58
ℹ fail 0
ℹ cancelled 0
ℹ skipped 0
ℹ todo 0
ℹ duration_ms 158.7955
