✔ reduced motion enters immediately without overlay or delayed callback (1.7639ms)
✔ entry animation renders authenticated content immediately and always removes overlay (1.1573ms)
✔ failed login keeps inputs, blocks duplicate submissions and allows retry (1.9827ms)
✔ a late login response cannot authenticate after its form has been replaced (0.6733ms)
✔ record identifiers remain unchanged while interface text is translated (2.8711ms)
✔ long phrases are translated before their shorter fragments (0.9252ms)
✔ complete status tokens reach the localization layer (0.3941ms)
✔ raw content is escaped and excluded from interface translation (0.3635ms)
✔ translated option label does not change its implicit submitted value (0.1944ms)
✔ zero-length chart values do not create a misleading visible bar (0.1661ms)
✔ employee result shows explained fit percentages and summaries, never page excerpts or raw scores (13.5629ms)
✔ employee request uses the full form width and has no developer or guidance sidebar (0.1497ms)
✔ fit display clamps nonfinite or out-of-range values (0.1403ms)
✔ fit breakdown preserves decimal points and explains final rounding (0.3396ms)
✔ an unsupported request explicitly shows zero catalog fit without inventing a course (0.302ms)
✔ navigation separates authenticated employee and manager workspaces (0.1176ms)
✔ login uses username and password and never asks users to choose their own role (0.434ms)
✔ changing status immediately applies the current filter and resets pagination (1.9371ms)
✔ out-of-order filter responses cannot replace the newest visible results (0.9214ms)
✔ account changes invalidate pending request results and erase private UI state (0.0939ms)
✔ unknown route has one inline target choice while a resolved route hides that choice (2.0571ms)
✔ canonical brand colors and locally served assets are configured (0.5363ms)
✔ quota response replaces the green badge and preserves an actionable error (5.2267ms)
✔ service error appears once and form-only errors remain visible without losing draft (0.6275ms)
✔ actual fetch failure shows an application-server error instead of green AI (0.6757ms)
✔ provider timeout remains distinct from a browser connection failure (0.6483ms)
✔ unreadable response is not falsely labelled a network failure (0.7733ms)
✔ a timed-out request does not become a generic server-down message (0.7287ms)
✔ knowledge sources omit deleted filenames and show pagination for a large corpus (0.6558ms)
✔ 40 percent catalog match becomes a new course need without a course recommendation (0.1724ms)
✔ partial matches explain enrichment while resolved requests show their current outcome (0.7054ms)
✔ human review accepts approval without a duplicate checkbox and keeps corrections separate from AI (2.0923ms)
✔ decision history compares original AI and human judgment without exposing audit excerpts (0.8149ms)
✔ human decision history separates operational assignment from the original AI department verdict (0.5785ms)
✔ learning report distinguishes an unmeasured agreement rate from zero and links source requests (0.8942ms)
✔ PDF extraction preserves typed request and never submits an analysis (0.9746ms)
✔ PDF append rejects combined overflow and requires an explicit append action (0.7766ms)
✔ a delayed PDF response is discarded after an account switch (0.7056ms)
✔ prior-case disagreements remain visible instead of presenting a false consensus (0.7739ms)
✔ returning from correction to approval submits the AI verdict without stale corrections or duplicate confirmation (1.4853ms)
✔ single unresolved target is sent as routing metadata without falsely modifying AI approval (0.7218ms)
✔ full course match bypasses target choice while a human-added gap needs a real target (0.6921ms)
✔ corrected category uses the server routing rule and clears a stale suggested department (0.8809ms)
✔ non-training and rejection keep their meaning and department feedback cannot advance an analyst workflow (1.6651ms)
✔ duplicate decision submissions are ignored and a conflict preserves the typed draft (0.7974ms)
✔ filters persist only status and sorting per authenticated account, never the request search (0.7731ms)
✔ activity history shows only recorded events, named actors and rejection reasons (1.0246ms)
✔ single valid target is selected automatically and submitted without a second confirmation (0.7619ms)
✔ case layout separates recorded history from current action and preserves status transitions (1.1817ms)
✔ missing identity and dates are honest, raw technical status does not leak into the UI (0.9954ms)
✔ full-course analysis brief uses actual next action and labels generic planning information optional (1.5404ms)
✔ first review appears before optional AI detail, then a recorded review collapses behind the next action (1.2807ms)
✔ empty generated drafts never show update warnings while a changed note remains visible (0.611ms)
✔ logout removes prior live-region feedback and cancels only the local document polling timer (0.6972ms)
✔ role report uses each units reviewed requests as denominator and keeps missing roles unmeasured (0.7377ms)
✔ scope signals distinguish confirmed training needs from unconfirmed and unavailable counts (0.6118ms)
✔ status actions are supplied by backend and missing policy fails closed (0.6219ms)
✔ solution plan and assignment use real backend data and escape content (0.8725ms)
✔ analysis failure retains the last successful version and uses backend retry permission (0.89ms)
✔ a fresh analysis version never inherits a historical human decision (0.6669ms)
✔ pending request shows no invented course analysis or progress success (0.6147ms)
ℹ tests 61
ℹ suites 0
ℹ pass 61
ℹ fail 0
ℹ cancelled 0
ℹ skipped 0
ℹ todo 0
ℹ duration_ms 182.9637
