✔ reduced motion enters immediately without overlay or delayed callback (2.4793ms)
✔ entry animation renders authenticated content immediately and always removes overlay (0.7233ms)
✔ failed login keeps inputs, blocks duplicate submissions and allows retry (3.1175ms)
✔ a late login response cannot authenticate after its form has been replaced (0.7565ms)
✔ record identifiers remain unchanged while interface text is translated (4.4084ms)
✔ long phrases are translated before their shorter fragments (0.985ms)
✔ complete status tokens reach the localization layer (1.5228ms)
✔ raw content is escaped and excluded from interface translation (0.3306ms)
✔ translated option label does not change its implicit submitted value (0.2177ms)
✔ zero-length chart values do not create a misleading visible bar (0.4691ms)
✔ employee result shows explained fit percentages and summaries, never page excerpts or raw scores (59.611ms)
✔ employee request uses the full form width and has no developer or guidance sidebar (0.1776ms)
✔ fit display clamps nonfinite or out-of-range values (0.1585ms)
✔ fit breakdown preserves decimal points and explains final rounding (0.3221ms)
✔ an unsupported request explicitly shows zero catalog fit without inventing a course (0.1845ms)
✔ navigation separates authenticated employee and manager workspaces (0.1492ms)
✔ login uses username and password and never asks users to choose their own role (0.4689ms)
✔ changing status immediately applies the current filter and resets pagination (1.4801ms)
✔ out-of-order filter responses cannot replace the newest visible results (1.5524ms)
✔ account changes invalidate pending request results and erase private UI state (0.0882ms)
✔ unknown route has one inline target choice while a resolved route hides that choice (2.0517ms)
✔ canonical brand colors and locally served assets are configured (0.5718ms)
✔ quota response replaces the green badge and preserves an actionable error (12.0959ms)
✔ service error appears once and form-only errors remain visible without losing draft (0.6773ms)
✔ actual fetch failure shows an application-server error instead of green AI (0.7107ms)
✔ provider timeout remains distinct from a browser connection failure (0.6917ms)
✔ unreadable response is not falsely labelled a network failure (0.67ms)
✔ a timed-out request does not become a generic server-down message (0.7167ms)
✔ knowledge sources omit deleted filenames and show pagination for a large corpus (0.6364ms)
✔ 40 percent catalog match becomes a new course need without a course recommendation (0.1462ms)
✔ partial matches explain enrichment while resolved requests show their current outcome (0.7021ms)
✔ human review accepts approval without a duplicate checkbox and keeps corrections separate from AI (1.218ms)
✔ decision history compares original AI and human judgment without exposing audit excerpts (0.8186ms)
✔ human decision history separates operational assignment from the original AI department verdict (0.5883ms)
✔ learning report distinguishes an unmeasured agreement rate from zero and links source requests (0.7744ms)
✔ PDF extraction preserves typed request and never submits an analysis (0.8556ms)
✔ PDF append rejects combined overflow and requires an explicit append action (1.0856ms)
✔ a delayed PDF response is discarded after an account switch (1.1329ms)
✔ prior-case disagreements remain visible instead of presenting a false consensus (0.7011ms)
✔ returning from correction to approval submits the AI verdict without stale corrections or duplicate confirmation (2.1012ms)
✔ single unresolved target is sent as routing metadata without falsely modifying AI approval (0.7602ms)
✔ full course match bypasses target choice while a human-added gap needs a real target (0.7982ms)
✔ corrected category uses the server routing rule and clears a stale suggested department (0.8202ms)
✔ non-training and rejection keep their meaning and department feedback cannot advance an analyst workflow (1.5427ms)
✔ duplicate decision submissions are ignored and a conflict preserves the typed draft (0.8165ms)
✔ filters persist only status and sorting per authenticated account, never the request search (1.088ms)
✔ activity history shows only recorded events, named actors and rejection reasons (1.0428ms)
✔ single valid target is selected automatically and submitted without a second confirmation (0.7951ms)
✔ case layout separates recorded history from current action and preserves status transitions (1.3052ms)
✔ missing identity and dates are honest, raw technical status does not leak into the UI (0.7864ms)
✔ full-course analysis brief uses actual next action and labels generic planning information optional (1.3725ms)
✔ first review appears before optional AI detail, then a recorded review collapses behind the next action (1.2998ms)
✔ empty generated drafts never show update warnings while a changed note remains visible (0.648ms)
✔ logout removes prior live-region feedback and cancels only the local document polling timer (0.731ms)
✔ role report uses each units reviewed requests as denominator and keeps missing roles unmeasured (0.8277ms)
✔ scope signals distinguish confirmed training needs from unconfirmed and unavailable counts (0.7225ms)
✔ status actions are supplied by backend and missing policy fails closed (0.8268ms)
✔ solution plan and assignment use real backend data and escape content (0.722ms)
✔ analysis failure retains the last successful version and uses backend retry permission (0.9485ms)
✔ a fresh analysis version never inherits a historical human decision (0.6585ms)
✔ pending request shows no invented course analysis or progress success (0.6197ms)
✔ direct submission is available without assistant approval (1.6401ms)
✔ intake only calls preparation endpoint and never creates a request automatically (3.22ms)
✔ failed interview preserves answer, previous draft and direct option (1.622ms)
✔ late response cannot replace another accounts draft (0.7224ms)
✔ in-flight intake does not replace a directly edited request (0.7094ms)
✔ conversation renders escaped user/model text and an editable approval flow (0.6725ms)
✔ duplicate clicks while intake is pending issue one model request (0.6474ms)
ℹ tests 68
ℹ suites 0
ℹ pass 68
ℹ fail 0
ℹ cancelled 0
ℹ skipped 0
ℹ todo 0
ℹ duration_ms 281.6955
