✔ remote version cannot silently overwrite an unsaved design draft (28.9859ms)
✔ structured design payload preserves order and ids without leaking server metadata (3.5579ms)
✔ account reset discards development drafts and delegated context (1.6656ms)
✔ snapshot presentation escapes human text instead of rendering stored markup (1.0175ms)
✔ reduced motion enters immediately without overlay or delayed callback (28.7564ms)
✔ entry animation renders authenticated content immediately and always removes overlay (1.4083ms)
✔ failed login keeps inputs, blocks duplicate submissions and allows retry (3.4084ms)
✔ a late login response cannot authenticate after its form has been replaced (1.0125ms)
✔ record identifiers remain unchanged while interface text is translated (3.2077ms)
✔ long phrases are translated before their shorter fragments (1.4816ms)
✔ complete status tokens reach the localization layer (0.8022ms)
✔ raw content is escaped and excluded from interface translation (0.3852ms)
✔ translated option label does not change its implicit submitted value (0.3211ms)
✔ zero-length chart values do not create a misleading visible bar (0.2731ms)
✔ employee result shows explained fit percentages and summaries, never page excerpts or raw scores (71.223ms)
✔ employee request uses the full form width and has no developer or guidance sidebar (0.2245ms)
✔ fit display clamps nonfinite or out-of-range values (0.1595ms)
✔ fit breakdown preserves decimal points and explains final rounding (0.3394ms)
✔ an unsupported request explicitly shows zero catalog fit without inventing a course (0.1326ms)
✔ navigation separates authenticated employee and manager workspaces (0.0922ms)
✔ login uses username and password and never asks users to choose their own role (0.308ms)
✔ changing status immediately applies the current filter and resets pagination (1.5199ms)
✔ out-of-order filter responses cannot replace the newest visible results (0.9165ms)
✔ account changes invalidate pending request results and erase private UI state (0.1045ms)
✔ unknown route has one inline target choice while a resolved route hides that choice (2.1377ms)
✔ canonical brand colors and locally served assets are configured (0.6419ms)
✔ quota response replaces the green badge and preserves an actionable error (12.3318ms)
✔ service error appears once and form-only errors remain visible without losing draft (0.7783ms)
✔ actual fetch failure shows an application-server error instead of green AI (0.7524ms)
✔ provider timeout remains distinct from a browser connection failure (0.6758ms)
✔ unreadable response is not falsely labelled a network failure (0.6907ms)
✔ a timed-out request does not become a generic server-down message (0.6168ms)
✔ knowledge sources omit deleted filenames and show pagination for a large corpus (0.9108ms)
✔ 40 percent catalog match becomes a new course need without a course recommendation (0.1622ms)
✔ partial matches explain enrichment while resolved requests show their current outcome (0.7904ms)
✔ human review accepts approval without a duplicate checkbox and keeps corrections separate from AI (1.6045ms)
✔ decision history compares original AI and human judgment without exposing audit excerpts (0.9137ms)
✔ human decision history separates operational assignment from the original AI department verdict (0.6252ms)
✔ learning report distinguishes an unmeasured agreement rate from zero and links source requests (0.8227ms)
✔ PDF extraction preserves typed request and never submits an analysis (0.8118ms)
✔ PDF append rejects combined overflow and requires an explicit append action (0.9348ms)
✔ a delayed PDF response is discarded after an account switch (0.7376ms)
✔ prior-case disagreements remain visible instead of presenting a false consensus (0.7034ms)
✔ returning from correction to approval submits the AI verdict without stale corrections or duplicate confirmation (1.6264ms)
✔ single unresolved target is sent as routing metadata without falsely modifying AI approval (0.7875ms)
✔ full course match bypasses target choice while a human-added gap needs a real target (0.7736ms)
✔ corrected category uses the server routing rule and clears a stale suggested department (0.8702ms)
✔ non-training and rejection keep their meaning and department feedback cannot advance an analyst workflow (1.7851ms)
✔ duplicate decision submissions are ignored and a conflict preserves the typed draft (1.1389ms)
✔ filters persist only status and sorting per authenticated account, never the request search (0.8923ms)
✔ activity history shows only recorded events, named actors and rejection reasons (1.1068ms)
✔ single valid target is selected automatically and submitted without a second confirmation (0.8614ms)
✔ case layout separates recorded history from current action and preserves status transitions (1.1222ms)
✔ missing identity and dates are honest, raw technical status does not leak into the UI (1.0186ms)
✔ full-course analysis brief uses actual next action and labels generic planning information optional (1.6044ms)
✔ first review appears before optional AI detail, then a recorded review collapses behind the next action (1.4333ms)
✔ empty generated drafts never show update warnings while a changed note remains visible (0.6444ms)
✔ logout removes prior live-region feedback and cancels only the local document polling timer (0.8035ms)
✔ role report uses each units reviewed requests as denominator and keeps missing roles unmeasured (0.8422ms)
✔ scope signals distinguish confirmed training needs from unconfirmed and unavailable counts (0.6967ms)
✔ status actions are supplied by backend and missing policy fails closed (0.7545ms)
✔ solution plan and assignment use real backend data and escape content (0.7264ms)
✔ analysis failure retains the last successful version and uses backend retry permission (1.0155ms)
✔ a fresh analysis version never inherits a historical human decision (0.817ms)
✔ pending request shows no invented course analysis or progress success (0.6735ms)
✔ direct submission is available without assistant approval (2.2575ms)
✔ intake only calls preparation endpoint and never creates a request automatically (2.1326ms)
✔ failed interview preserves answer, previous draft and direct option (2.0389ms)
✔ late response cannot replace another accounts draft (1.2181ms)
✔ in-flight intake does not replace a directly edited request (1.0067ms)
✔ conversation renders escaped user/model text and an editable approval flow (1.1974ms)
✔ duplicate clicks while intake is pending issue one model request (0.9554ms)
✔ delegation headers apply only to the selected request workflow routes (2.2808ms)
✔ reset discards delegated context without editing request ownership (0.785ms)
✔ late unread count response cannot enter another account (0.8925ms)
✔ older unread result cannot overwrite a newer count (2.0458ms)
✔ operations routes are explicit and do not hijack intake or normal workspaces (0.8825ms)
ℹ tests 77
ℹ suites 0
ℹ pass 77
ℹ fail 0
ℹ cancelled 0
ℹ skipped 0
ℹ todo 0
ℹ duration_ms 345.5363
