✔ reduced motion enters immediately without overlay or delayed callback (1.9324ms)
✔ entry animation renders authenticated content immediately and always removes overlay (1.4033ms)
✔ failed login keeps inputs, blocks duplicate submissions and allows retry (3.022ms)
✔ a late login response cannot authenticate after its form has been replaced (0.789ms)
✔ record identifiers remain unchanged while interface text is translated (2.4381ms)
✔ long phrases are translated before their shorter fragments (0.9603ms)
✔ complete status tokens reach the localization layer (0.4108ms)
✔ raw content is escaped and excluded from interface translation (0.2166ms)
✔ translated option label does not change its implicit submitted value (0.1849ms)
✔ zero-length chart values do not create a misleading visible bar (0.1641ms)
✔ employee result shows explained fit percentages and summaries, never page excerpts or raw scores (13.8992ms)
✔ employee request uses the full form width and has no developer or guidance sidebar (0.242ms)
✔ fit display clamps nonfinite or out-of-range values (0.206ms)
✔ fit breakdown preserves decimal points and explains final rounding (0.3841ms)
✔ an unsupported request explicitly shows zero catalog fit without inventing a course (0.1528ms)
✔ navigation separates authenticated employee and manager workspaces (0.0931ms)
✔ login uses username and password and never asks users to choose their own role (0.3732ms)
✔ changing status immediately applies the current filter and resets pagination (1.3573ms)
✔ out-of-order filter responses cannot replace the newest visible results (0.8706ms)
✔ account changes invalidate pending request results and erase private UI state (0.0884ms)
✔ unknown route has one inline target choice while a resolved route hides that choice (2.5813ms)
✔ canonical brand colors and locally served assets are configured (11.0206ms)
✔ quota response replaces the green badge and preserves an actionable error (7.3147ms)
✔ service error appears once and form-only errors remain visible without losing draft (0.8075ms)
✔ actual fetch failure shows an application-server error instead of green AI (0.7458ms)
✔ provider timeout remains distinct from a browser connection failure (0.6734ms)
✔ unreadable response is not falsely labelled a network failure (0.7142ms)
✔ a timed-out request does not become a generic server-down message (0.5878ms)
✔ knowledge sources omit deleted filenames and show pagination for a large corpus (0.6461ms)
✔ 40 percent catalog match becomes a new course need without a course recommendation (0.1502ms)
✔ partial matches explain enrichment while resolved requests show their current outcome (0.81ms)
✔ human review accepts approval without a duplicate checkbox and keeps corrections separate from AI (1.5666ms)
✔ decision history compares original AI and human judgment without exposing audit excerpts (0.9351ms)
✔ human decision history separates operational assignment from the original AI department verdict (0.5833ms)
✔ learning report distinguishes an unmeasured agreement rate from zero and links source requests (0.7765ms)
✔ PDF extraction preserves typed request and never submits an analysis (0.9624ms)
✔ PDF append rejects combined overflow and requires an explicit append action (0.8142ms)
✔ a delayed PDF response is discarded after an account switch (0.7124ms)
✔ prior-case disagreements remain visible instead of presenting a false consensus (0.6603ms)
✔ returning from correction to approval submits the AI verdict without stale corrections or duplicate confirmation (1.7225ms)
✔ single unresolved target is sent as routing metadata without falsely modifying AI approval (0.8239ms)
✔ full course match bypasses target choice while a human-added gap needs a real target (0.8465ms)
✔ corrected category uses the server routing rule and clears a stale suggested department (0.9154ms)
✔ non-training and rejection keep their meaning and department feedback cannot advance an analyst workflow (1.3691ms)
✔ duplicate decision submissions are ignored and a conflict preserves the typed draft (0.8477ms)
✔ filters persist only status and sorting per authenticated account, never the request search (0.9137ms)
✔ activity history shows only recorded events, named actors and rejection reasons (1.2085ms)
✔ single valid target is selected automatically and submitted without a second confirmation (0.9264ms)
✔ case layout separates recorded history from current action and preserves status transitions (1.2591ms)
✔ missing identity and dates are honest, raw technical status does not leak into the UI (1.0308ms)
✔ full-course analysis brief uses actual next action and labels generic planning information optional (1.7127ms)
✔ first review appears before optional AI detail, then a recorded review collapses behind the next action (1.6747ms)
✔ empty generated drafts never show update warnings while a changed note remains visible (0.6663ms)
✔ logout removes prior live-region feedback and cancels only the local document polling timer (0.7638ms)
✔ role report uses each units reviewed requests as denominator and keeps missing roles unmeasured (0.838ms)
✔ scope signals distinguish confirmed training needs from unconfirmed and unavailable counts (0.6746ms)
✔ status actions are supplied by backend and missing policy fails closed (0.6711ms)
✔ solution plan and assignment use real backend data and escape content (0.5973ms)
✔ analysis failure retains the last successful version and uses backend retry permission (0.9598ms)
✔ a fresh analysis version never inherits a historical human decision (0.631ms)
✔ pending request shows no invented course analysis or progress success (0.7908ms)
✔ direct submission is available without assistant approval (1.7244ms)
✔ intake only calls preparation endpoint and never creates a request automatically (1.8959ms)
✔ failed interview preserves answer, previous draft and direct option (1.7503ms)
✔ late response cannot replace another accounts draft (0.9598ms)
✔ in-flight intake does not replace a directly edited request (0.7659ms)
✔ conversation renders escaped user/model text and an editable approval flow (0.7208ms)
✔ duplicate clicks while intake is pending issue one model request (0.6612ms)
✔ delegation headers apply only to the selected request workflow routes (1.5951ms)
✔ reset discards delegated context without editing request ownership (0.6564ms)
✔ late unread count response cannot enter another account (0.7468ms)
✔ older unread result cannot overwrite a newer count (1.406ms)
✔ operations routes are explicit and do not hijack intake or normal workspaces (0.6922ms)
ℹ tests 73
ℹ suites 0
ℹ pass 73
ℹ fail 0
ℹ cancelled 0
ℹ skipped 0
ℹ todo 0
ℹ duration_ms 252.0877
