✔ remote version cannot silently overwrite an unsaved design draft (2.9822ms)
✔ structured design payload preserves order and ids without leaking server metadata (2.3881ms)
✔ account reset discards development drafts and delegated context (1.8845ms)
✔ snapshot presentation escapes human text instead of rendering stored markup (1.3493ms)
✔ reduced motion enters immediately without overlay or delayed callback (3.299ms)
✔ entry animation renders authenticated content immediately and always removes overlay (1.322ms)
✔ failed login keeps inputs, blocks duplicate submissions and allows retry (3.2272ms)
✔ a late login response cannot authenticate after its form has been replaced (1.2724ms)
✔ record identifiers remain unchanged while interface text is translated (4.0294ms)
✔ long phrases are translated before their shorter fragments (1.914ms)
✔ complete status tokens reach the localization layer (0.7642ms)
✔ raw content is escaped and excluded from interface translation (0.3636ms)
✔ translated option label does not change its implicit submitted value (0.3081ms)
✔ zero-length chart values do not create a misleading visible bar (0.2724ms)
✔ employee result shows explained fit percentages and summaries, never page excerpts or raw scores (16.021ms)
✔ employee request uses the full form width and has no developer or guidance sidebar (0.2442ms)
✔ fit display clamps nonfinite or out-of-range values (0.191ms)
✔ fit breakdown preserves decimal points and explains final rounding (0.4536ms)
✔ an unsupported request explicitly shows zero catalog fit without inventing a course (0.183ms)
✔ navigation separates authenticated employee and manager workspaces (0.1049ms)
✔ login uses username and password and never asks users to choose their own role (0.3772ms)
✔ changing status immediately applies the current filter and resets pagination (1.5105ms)
✔ out-of-order filter responses cannot replace the newest visible results (0.9512ms)
✔ account changes invalidate pending request results and erase private UI state (0.0972ms)
✔ unknown route has one inline target choice while a resolved route hides that choice (2.3703ms)
✔ canonical brand colors and locally served assets are configured (11.2071ms)
✔ quota response replaces the green badge and preserves an actionable error (6.4293ms)
✔ service error appears once and form-only errors remain visible without losing draft (0.7839ms)
✔ actual fetch failure shows an application-server error instead of green AI (0.7892ms)
✔ provider timeout remains distinct from a browser connection failure (0.6983ms)
✔ unreadable response is not falsely labelled a network failure (0.8406ms)
✔ a timed-out request does not become a generic server-down message (0.7247ms)
✔ knowledge sources omit deleted filenames and show pagination for a large corpus (0.764ms)
✔ 40 percent catalog match becomes a new course need without a course recommendation (0.2032ms)
✔ partial matches explain enrichment while resolved requests show their current outcome (0.7725ms)
✔ human review accepts approval without a duplicate checkbox and keeps corrections separate from AI (1.2983ms)
✔ decision history compares original AI and human judgment without exposing audit excerpts (0.8389ms)
✔ human decision history separates operational assignment from the original AI department verdict (0.6315ms)
✔ learning report distinguishes an unmeasured agreement rate from zero and links source requests (0.8878ms)
✔ PDF extraction preserves typed request and never submits an analysis (0.9351ms)
✔ PDF append rejects combined overflow and requires an explicit append action (0.9649ms)
✔ a delayed PDF response is discarded after an account switch (0.7723ms)
✔ prior-case disagreements remain visible instead of presenting a false consensus (0.7809ms)
✔ returning from correction to approval submits the AI verdict without stale corrections or duplicate confirmation (1.652ms)
✔ single unresolved target is sent as routing metadata without falsely modifying AI approval (0.77ms)
✔ full course match bypasses target choice while a human-added gap needs a real target (0.7646ms)
✔ corrected category uses the server routing rule and clears a stale suggested department (1.0077ms)
✔ non-training and rejection keep their meaning and department feedback cannot advance an analyst workflow (1.4937ms)
✔ duplicate decision submissions are ignored and a conflict preserves the typed draft (0.8732ms)
✔ filters persist only status and sorting per authenticated account, never the request search (0.9314ms)
✔ activity history shows only recorded events, named actors and rejection reasons (1.1081ms)
✔ single valid target is selected automatically and submitted without a second confirmation (0.8206ms)
✔ case layout separates recorded history from current action and preserves status transitions (1.251ms)
✔ missing identity and dates are honest, raw technical status does not leak into the UI (0.9025ms)
✔ full-course analysis brief uses actual next action and labels generic planning information optional (1.52ms)
✔ first review appears before optional AI detail, then a recorded review collapses behind the next action (1.3772ms)
✔ empty generated drafts never show update warnings while a changed note remains visible (0.6501ms)
✔ logout removes prior live-region feedback and cancels only the local document polling timer (0.7356ms)
✔ role report uses each units reviewed requests as denominator and keeps missing roles unmeasured (0.803ms)
✔ scope signals distinguish confirmed training needs from unconfirmed and unavailable counts (0.8058ms)
✔ status actions are supplied by backend and missing policy fails closed (0.7734ms)
✔ solution plan and assignment use real backend data and escape content (0.6879ms)
✔ analysis failure retains the last successful version and uses backend retry permission (0.9943ms)
✔ a fresh analysis version never inherits a historical human decision (0.698ms)
✔ pending request shows no invented course analysis or progress success (0.6694ms)
✔ direct submission is available without assistant approval (1.9464ms)
✔ intake only calls preparation endpoint and never creates a request automatically (1.5087ms)
✔ failed interview preserves answer, previous draft and direct option (1.4632ms)
✔ late response cannot replace another accounts draft (0.7164ms)
✔ in-flight intake does not replace a directly edited request (0.7031ms)
✔ conversation renders escaped user/model text and an editable approval flow (0.8033ms)
✔ duplicate clicks while intake is pending issue one model request (0.8669ms)
✔ delegation headers apply only to the selected request workflow routes (1.7052ms)
✔ reset discards delegated context without editing request ownership (0.6198ms)
✔ late unread count response cannot enter another account (0.8172ms)
✔ older unread result cannot overwrite a newer count (1.7844ms)
✔ operations routes are explicit and do not hijack intake or normal workspaces (0.785ms)
✔ a newer publication revision preserves unsaved catalog metadata and its original version (2.574ms)
✔ catalog editor submits metadata only, never mutating reviewed outcomes or source ids (2.0249ms)
✔ account reset discards publication drafts and delegation (1.8058ms)
✔ version comparison escapes user-authored added removed and changed content (1.3941ms)
ℹ tests 81
ℹ suites 0
ℹ pass 81
ℹ fail 0
ℹ cancelled 0
ℹ skipped 0
ℹ todo 0
ℹ duration_ms 280.0718
