✔ remote version cannot silently overwrite an unsaved design draft (9.0291ms)
✔ structured design payload preserves order and ids without leaking server metadata (3.8896ms)
✔ account reset discards development drafts and delegated context (1.0747ms)
✔ snapshot presentation escapes human text instead of rendering stored markup (2.7066ms)
✔ reduced motion enters immediately without overlay or delayed callback (4.226ms)
✔ entry animation renders authenticated content immediately and always removes overlay (1.4251ms)
✔ failed login keeps inputs, blocks duplicate submissions and allows retry (3.5896ms)
✔ a late login response cannot authenticate after its form has been replaced (1.1501ms)
✔ record identifiers remain unchanged while interface text is translated (2.9669ms)
✔ long phrases are translated before their shorter fragments (1.2748ms)
✔ complete status tokens reach the localization layer (1.9986ms)
✔ raw content is escaped and excluded from interface translation (0.3551ms)
✔ translated option label does not change its implicit submitted value (0.2092ms)
✔ zero-length chart values do not create a misleading visible bar (0.2507ms)
✔ employee result shows explained fit percentages and summaries, never page excerpts or raw scores (123.3112ms)
✔ employee request uses the full form width and has no developer or guidance sidebar (0.7181ms)
✔ fit display clamps nonfinite or out-of-range values (0.1741ms)
✔ fit breakdown preserves decimal points and explains final rounding (0.4189ms)
✔ an unsupported request explicitly shows zero catalog fit without inventing a course (0.1512ms)
✔ navigation separates authenticated employee and manager workspaces (0.0901ms)
✔ login uses username and password and never asks users to choose their own role (0.3381ms)
✔ changing status immediately applies the current filter and resets pagination (1.375ms)
✔ out-of-order filter responses cannot replace the newest visible results (4.7586ms)
✔ account changes invalidate pending request results and erase private UI state (0.1121ms)
✔ unknown route has one inline target choice while a resolved route hides that choice (2.3057ms)
✔ canonical brand colors and locally served assets are configured (1.7831ms)
✔ quota response replaces the green badge and preserves an actionable error (29.2637ms)
✔ service error appears once and form-only errors remain visible without losing draft (0.8922ms)
✔ actual fetch failure shows an application-server error instead of green AI (0.8414ms)
✔ provider timeout remains distinct from a browser connection failure (0.7026ms)
✔ unreadable response is not falsely labelled a network failure (0.7194ms)
✔ a timed-out request does not become a generic server-down message (0.638ms)
✔ knowledge sources omit deleted filenames and show pagination for a large corpus (0.7337ms)
✔ 40 percent catalog match becomes a new course need without a course recommendation (0.142ms)
✔ partial matches explain enrichment while resolved requests show their current outcome (0.8212ms)
✔ human review accepts approval without a duplicate checkbox and keeps corrections separate from AI (2.4563ms)
✔ decision history compares original AI and human judgment without exposing audit excerpts (0.9358ms)
✔ human decision history separates operational assignment from the original AI department verdict (0.6325ms)
✔ learning report distinguishes an unmeasured agreement rate from zero and links source requests (0.8407ms)
✔ PDF extraction preserves typed request and never submits an analysis (0.8659ms)
✔ PDF append rejects combined overflow and requires an explicit append action (0.7389ms)
✔ a delayed PDF response is discarded after an account switch (0.8847ms)
✔ prior-case disagreements remain visible instead of presenting a false consensus (1.0915ms)
✔ returning from correction to approval submits the AI verdict without stale corrections or duplicate confirmation (1.5612ms)
✔ single unresolved target is sent as routing metadata without falsely modifying AI approval (0.7813ms)
✔ full course match bypasses target choice while a human-added gap needs a real target (0.7645ms)
✔ corrected category uses the server routing rule and clears a stale suggested department (0.7912ms)
✔ non-training and rejection keep their meaning and department feedback cannot advance an analyst workflow (1.5234ms)
✔ duplicate decision submissions are ignored and a conflict preserves the typed draft (1.1989ms)
✔ filters persist only status and sorting per authenticated account, never the request search (0.8139ms)
✔ activity history shows only recorded events, named actors and rejection reasons (1.0805ms)
✔ single valid target is selected automatically and submitted without a second confirmation (0.7581ms)
✔ case layout separates recorded history from current action and preserves status transitions (1.0889ms)
✔ missing identity and dates are honest, raw technical status does not leak into the UI (0.7479ms)
✔ full-course analysis brief uses actual next action and labels generic planning information optional (0.8463ms)
✔ first review appears before optional AI detail, then a recorded review collapses behind the next action (3.2703ms)
✔ empty generated drafts never show update warnings while a changed note remains visible (0.6652ms)
✔ logout removes prior live-region feedback and cancels only the local document polling timer (0.7195ms)
✔ role report uses each units reviewed requests as denominator and keeps missing roles unmeasured (0.7907ms)
✔ scope signals distinguish confirmed training needs from unconfirmed and unavailable counts (0.6274ms)
✔ status actions are supplied by backend and missing policy fails closed (0.6433ms)
✔ solution plan and assignment use real backend data and escape content (0.7726ms)
✔ analysis failure retains the last successful version and uses backend retry permission (1.4701ms)
✔ a fresh analysis version never inherits a historical human decision (0.6723ms)
✔ pending request shows no invented course analysis or progress success (0.6983ms)
✔ direct submission is available without assistant approval (2.7811ms)
✔ intake only calls preparation endpoint and never creates a request automatically (2.3862ms)
✔ failed interview preserves answer, previous draft and direct option (1.5731ms)
✔ late response cannot replace another accounts draft (1.1811ms)
✔ in-flight intake does not replace a directly edited request (0.7918ms)
✔ conversation renders escaped user/model text and an editable approval flow (0.8409ms)
✔ duplicate clicks while intake is pending issue one model request (0.7674ms)
✔ delegation headers apply only to the selected request workflow routes (2.2159ms)
✔ reset discards delegated context without editing request ownership (0.7638ms)
✔ late unread count response cannot enter another account (0.8776ms)
✔ older unread result cannot overwrite a newer count (1.8334ms)
✔ operations routes are explicit and do not hijack intake or normal workspaces (0.7833ms)
✔ a newer publication revision preserves unsaved catalog metadata and its original version (2.6429ms)
✔ catalog editor submits metadata only, never mutating reviewed outcomes or source ids (1.9326ms)
✔ account reset discards publication drafts and delegation (0.9453ms)
✔ version comparison escapes user-authored added removed and changed content (2.1345ms)
ℹ tests 81
ℹ suites 0
ℹ pass 81
ℹ fail 0
ℹ cancelled 0
ℹ skipped 0
ℹ todo 0
ℹ duration_ms 522.0245
