✔ remote version cannot silently overwrite an unsaved design draft (1.9141ms)
✔ structured design payload preserves order and ids without leaking server metadata (1.7187ms)
✔ account reset discards development drafts and delegated context (0.8496ms)
✔ snapshot presentation escapes human text instead of rendering stored markup (1.7144ms)
✔ reduced motion enters immediately without overlay or delayed callback (2.21ms)
✔ entry animation renders authenticated content immediately and always removes overlay (0.8435ms)
✔ failed login keeps inputs, blocks duplicate submissions and allows retry (3.058ms)
✔ a late login response cannot authenticate after its form has been replaced (0.8278ms)
✔ record identifiers remain unchanged while interface text is translated (2.3671ms)
✔ long phrases are translated before their shorter fragments (1.0902ms)
✔ complete status tokens reach the localization layer (0.5711ms)
✔ raw content is escaped and excluded from interface translation (0.28ms)
✔ translated option label does not change its implicit submitted value (0.205ms)
✔ zero-length chart values do not create a misleading visible bar (0.2545ms)
✔ employee result shows explained fit percentages and summaries, never page excerpts or raw scores (17.9231ms)
✔ employee request uses the full form width and has no developer or guidance sidebar (0.3305ms)
✔ fit display clamps nonfinite or out-of-range values (0.255ms)
✔ fit breakdown preserves decimal points and explains final rounding (0.6347ms)
✔ an unsupported request explicitly shows zero catalog fit without inventing a course (0.221ms)
✔ navigation separates authenticated employee and manager workspaces (0.1411ms)
✔ login uses username and password and never asks users to choose their own role (0.6078ms)
✔ changing status immediately applies the current filter and resets pagination (1.9996ms)
✔ out-of-order filter responses cannot replace the newest visible results (1.7346ms)
✔ account changes invalidate pending request results and erase private UI state (0.1236ms)
✔ unknown route has one inline target choice while a resolved route hides that choice (3.0867ms)
✔ canonical brand colors and locally served assets are configured (0.9253ms)
✔ quota response replaces the green badge and preserves an actionable error (8.6414ms)
✔ service error appears once and form-only errors remain visible without losing draft (0.7451ms)
✔ actual fetch failure shows an application-server error instead of green AI (0.8351ms)
✔ provider timeout remains distinct from a browser connection failure (0.7789ms)
✔ unreadable response is not falsely labelled a network failure (0.8771ms)
✔ a timed-out request does not become a generic server-down message (0.7165ms)
✔ knowledge sources omit deleted filenames and show pagination for a large corpus (0.7784ms)
✔ 40 percent catalog match becomes a new course need without a course recommendation (0.1663ms)
✔ partial matches explain enrichment while resolved requests show their current outcome (1.0069ms)
✔ human review accepts approval without a duplicate checkbox and keeps corrections separate from AI (1.4543ms)
✔ decision history compares original AI and human judgment without exposing audit excerpts (0.8766ms)
✔ human decision history separates operational assignment from the original AI department verdict (0.5973ms)
✔ learning report distinguishes an unmeasured agreement rate from zero and links source requests (0.9389ms)
✔ PDF extraction preserves typed request and never submits an analysis (0.9702ms)
✔ PDF append rejects combined overflow and requires an explicit append action (1.0047ms)
✔ a delayed PDF response is discarded after an account switch (0.885ms)
✔ prior-case disagreements remain visible instead of presenting a false consensus (0.7293ms)
✔ returning from correction to approval submits the AI verdict without stale corrections or duplicate confirmation (1.6586ms)
✔ single unresolved target is sent as routing metadata without falsely modifying AI approval (0.8159ms)
✔ full course match bypasses target choice while a human-added gap needs a real target (0.9107ms)
✔ corrected category uses the server routing rule and clears a stale suggested department (1.0906ms)
✔ non-training and rejection keep their meaning and department feedback cannot advance an analyst workflow (2.0166ms)
✔ duplicate decision submissions are ignored and a conflict preserves the typed draft (0.9683ms)
✔ filters persist only status and sorting per authenticated account, never the request search (0.9618ms)
✔ activity history shows only recorded events, named actors and rejection reasons (1.1467ms)
✔ single valid target is selected automatically and submitted without a second confirmation (1.0895ms)
✔ case layout separates recorded history from current action and preserves status transitions (1.7155ms)
✔ missing identity and dates are honest, raw technical status does not leak into the UI (0.7848ms)
✔ full-course analysis brief uses actual next action and labels generic planning information optional (0.812ms)
✔ first review appears before optional AI detail, then a recorded review collapses behind the next action (1.434ms)
✔ empty generated drafts never show update warnings while a changed note remains visible (0.708ms)
✔ logout removes prior live-region feedback and cancels only the local document polling timer (0.8175ms)
✔ role report uses each units reviewed requests as denominator and keeps missing roles unmeasured (1.0695ms)
✔ scope signals distinguish confirmed training needs from unconfirmed and unavailable counts (0.6798ms)
✔ status actions are supplied by backend and missing policy fails closed (0.6154ms)
✔ solution plan and assignment use real backend data and escape content (0.6416ms)
✔ analysis failure retains the last successful version and uses backend retry permission (0.9249ms)
✔ a fresh analysis version never inherits a historical human decision (0.6562ms)
✔ pending request shows no invented course analysis or progress success (0.6647ms)
✔ direct submission is available without assistant approval (1.4628ms)
✔ intake only calls preparation endpoint and never creates a request automatically (1.4251ms)
✔ failed interview preserves answer, previous draft and direct option (0.8921ms)
✔ late response cannot replace another accounts draft (0.7879ms)
✔ in-flight intake does not replace a directly edited request (1.0844ms)
✔ conversation renders escaped user/model text and an editable approval flow (0.7257ms)
✔ duplicate clicks while intake is pending issue one model request (0.6694ms)
✔ delegation headers apply only to the selected request workflow routes (2.2459ms)
✔ reset discards delegated context without editing request ownership (0.7355ms)
✔ late unread count response cannot enter another account (0.8778ms)
✔ older unread result cannot overwrite a newer count (1.5814ms)
✔ operations routes are explicit and do not hijack intake or normal workspaces (1.1733ms)
✔ a newer publication revision preserves unsaved catalog metadata and its original version (1.985ms)
✔ catalog editor submits metadata only, never mutating reviewed outcomes or source ids (1.7092ms)
✔ account reset discards publication drafts and delegation (0.9582ms)
✔ version comparison escapes user-authored added removed and changed content (1.8146ms)
✔ training capacity keeps unspecified capacity null and rejects invalid limits (2.92ms)
✔ session edits cannot change the frozen content version (1.9548ms)
✔ training reset clears other account drafts results and delegation (1.2534ms)
✔ catalog plan action is backend-authorized (1.3324ms)
✔ request training trace escapes authored data and does not claim request resolution (1.3813ms)
✔ training timezone payload is explicit UTC (2.0674ms)
✔ out of order training queue results cannot replace the newest filter (1.1293ms)
ℹ tests 88
ℹ suites 0
ℹ pass 88
ℹ fail 0
ℹ cancelled 0
ℹ skipped 0
ℹ todo 0
ℹ duration_ms 217.2602
